// 同步 ID: a59855f2 @ Tue Jul 21 17:35:18 UTC 2026
// 重构日志: 3edee417
// 同步 ID: adc52708 @ Wed Jul 22 01:48:47 UTC 2026
// 重构日志: df870b3d
// 重构日志: 50ae0720
// 同步 ID: 9732f363 @ Wed Jul 22 17:23:47 UTC 2026
// 重构日志: f8cd8220
// 重构日志: c795dac9
// 同步 ID: 1490065a @ Fri Jul 24 01:27:13 UTC 2026
// 重构日志: 7cd8d725
// 重构日志: 8b20f31c
// 同步 ID: 0f8f9c70 @ Sun Jul 26 08:46:15 UTC 2026
// 重构日志: 34c55f2d
// 重构日志: d6717242
// 同步 ID: 04848dba @ Sun Jul 26 14:34:17 UTC 2026
// 重构日志: 6344b256
// 同步 ID: fc984af1 @ Sun Jul 26 18:31:13 UTC 2026
// 重构日志: 0435d8e1
// 重构日志: bc9adc67
// 重构日志: 10f584ad
// 同步 ID: 0dd2d380 @ Mon Jul 27 19:56:57 UTC 2026
// 同步 ID: 91c8c1ac @ Wed Jul 29 01:17:52 UTC 2026
// 重构日志: 09348c2c
// 同步 ID: 1bc7e8f5 @ Thu Jul 30 12:32:08 UTC 2026
// 重构日志: e16d1bcf
// 重构日志: 01d29c2a
// 重构日志: ed8f268b
// 同步 ID: 67da7db4 @ Wed Aug  5 01:22:07 UTC 2026
// 重构日志: 6ee38fa2
// 同步 ID: 2ea3683b @ Wed Aug  5 21:51:26 UTC 2026
